[a, b, ] = ba 
[, b, ] = b 
[a, , ] = a 
[, , ] =  
[a, b, c] = bac 
[, b, c] = bc 
[a, , c] = ac 
[, , c] = c 
